../Core/Src/ili9341.c:116:6:ILI9341_WriteData8	16	static,ignoring_inline_asm
../Core/Src/ili9341.c:135:9:ILI9341_ReadData8	16	static,ignoring_inline_asm
../Core/Src/ili9341.c:158:6:ILI9341_SetDataPinsOutput	24	static
../Core/Src/ili9341.c:184:6:ILI9341_SetDataPinsInput	24	static
../Core/Src/ili9341.c:209:6:ILI9341_WriteCommand	16	static
../Core/Src/ili9341.c:216:6:ILI9341_WriteData	16	static
../Core/Src/ili9341.c:223:6:ILI9341_WriteData16	16	static
../Core/Src/ili9341.c:231:9:ILI9341_ReadData	16	static
../Core/Src/ili9341.c:244:6:ILI9341_Init	8	static
../Core/Src/ili9341.c:393:6:ILI9341_SetAddress	24	static
../Core/Src/ili9341.c:405:6:ILI9341_DrawPixel	16	static
../Core/Src/ili9341.c:412:6:ILI9341_Fill	24	static
../Core/Src/ili9341.c:416:6:ILI9341_FillRect	32	static
../Core/Src/ili9341.c:434:6:ILI9341_DrawLine	40	static
../Core/Src/ili9341.c:458:6:ILI9341_DrawRect	32	static
../Core/Src/ili9341.c:465:6:ILI9341_DrawCircle	40	static
../Core/Src/ili9341.c:498:6:ILI9341_DrawChar	40	static
../Core/Src/ili9341.c:515:6:ILI9341_DrawString	48	static
