../Core/Src/main.c:225:6:LCD_WriteCommand	16	static
../Core/Src/main.c:232:6:LCD_WriteData	16	static
../Core/Src/main.c:239:6:LCD_WriteData16	24	static
../Core/Src/main.c:250:6:LCD_Init	8	static
../Core/Src/main.c:397:6:LCD_SetWindow	32	static
../Core/Src/main.c:420:6:LCD_DrawPixel	16	static
../Core/Src/main.c:427:6:LCD_Fill	24	static
../Core/Src/main.c:443:6:LCD_DrawChar	40	static
../Core/Src/main.c:461:6:LCD_DrawString	40	static
../Core/Src/main.c:491:5:main	16	static
../Core/Src/main.c:548:6:SystemClock_Config	72	static
../Core/Src/main.c:587:13:MX_SPI1_Init	8	static
../Core/Src/main.c:625:13:MX_USART2_UART_Init	8	static
../Core/Src/main.c:658:13:MX_GPIO_Init	40	static
../Core/Src/main.c:714:6:Error_Handler	4	static,ignoring_inline_asm
