../Core/Src/main.c:76:1:__io_putchar	16	static
../Core/Src/main.c:85:6:smartcar_F	8	static
../Core/Src/main.c:97:6:smartcar_B	8	static
../Core/Src/main.c:109:6:smartcar_S	8	static
../Core/Src/main.c:121:6:smartcar_FL	8	static
../Core/Src/main.c:134:6:smartcar_FR	8	static
../Core/Src/main.c:146:6:smartcar_BL	8	static
../Core/Src/main.c:159:6:smartcar_BR	8	static
../Core/Src/main.c:171:6:timer_start	8	static
../Core/Src/main.c:178:6:delay_us	16	static
../Core/Src/main.c:184:6:L_trig	8	static
../Core/Src/main.c:191:19:L_echo	16	static
../Core/Src/main.c:203:6:R_trig	8	static
../Core/Src/main.c:210:19:R_echo	16	static
../Core/Src/main.c:222:6:L_ultrasonic	8	static
../Core/Src/main.c:236:6:R_ultrasonic	8	static
../Core/Src/main.c:255:5:main	8	static
../Core/Src/main.c:370:6:SystemClock_Config	72	static
../Core/Src/main.c:409:13:MX_TIM1_Init	32	static
../Core/Src/main.c:455:13:MX_USART2_UART_Init	8	static
../Core/Src/main.c:488:13:MX_GPIO_Init	40	static
../Core/Src/main.c:572:6:Error_Handler	4	static,ignoring_inline_asm
