../Core/Inc/I2C.h:44:6:I2C_ScanAddresses	16	static
../Core/Inc/I2C.h:67:6:delay_us	24	static
../Core/Inc/I2C.h:73:6:LCD_DATA	32	static
../Core/Inc/I2C.h:88:6:LCD_CMD	32	static
../Core/Inc/I2C.h:102:6:LCD_CMD_4bit	32	static
../Core/Inc/I2C.h:110:6:LCD_INIT	8	static
../Core/Inc/I2C.h:126:6:LCD_XY	16	static
../Core/Inc/I2C.h:133:6:LCD_CLEAR	8	static
../Core/Inc/I2C.h:138:6:LCD_PUTS	16	static
../Core/Inc/DHT11.h:27:6:DHT11_SetPinOutput	24	static
../Core/Inc/DHT11.h:36:6:DHT11_SetPinInput	24	static
../Core/Inc/DHT11.h:44:6:DHT11_SetPin	16	static
../Core/Inc/DHT11.h:48:15:DHT11_ReadPin	8	static
../Core/Inc/DHT11.h:52:6:DHT11_DelayUs	16	static
../Core/Inc/DHT11.h:57:9:DHT11_Start	16	static
../Core/Inc/DHT11.h:92:9:DHT11_ReadBit	8	static
../Core/Inc/DHT11.h:109:9:DHT11_ReadByte	24	static
../Core/Inc/DHT11.h:117:9:DHT11_ReadData	24	static
../Core/Src/main.c:92:1:__io_putchar	16	static
../Core/Src/main.c:110:5:main	8	static
../Core/Src/main.c:182:6:SystemClock_Config	72	static
../Core/Src/main.c:221:13:MX_I2C1_Init	8	static
../Core/Src/main.c:255:13:MX_TIM2_Init	32	static
../Core/Src/main.c:300:13:MX_USART2_UART_Init	8	static
../Core/Src/main.c:333:13:MX_GPIO_Init	40	static
../Core/Src/main.c:385:6:Error_Handler	4	static,ignoring_inline_asm
