../Core/Src/main.c:83:1:__io_putchar	16	static
../Core/Src/main.c:98:6:I2C_Scan	16	static
../Core/Src/main.c:135:19:EEPROM_Write	40	static
../Core/Src/main.c:176:19:EEPROM_Read	32	static
../Core/Src/main.c:186:6:EEPROM_Test	192	static
../Core/Src/main.c:269:5:main	16	static
../Core/Src/main.c:336:6:SystemClock_Config	72	static
../Core/Src/main.c:372:13:MX_I2C1_Init	8	static
../Core/Src/main.c:404:13:MX_USART2_UART_Init	8	static
../Core/Src/main.c:435:13:MX_GPIO_Init	40	static
../Core/Src/main.c:480:6:Error_Handler	4	static,ignoring_inline_asm
