../Core/Src/main.c:91:1:__io_putchar	16	static
../Core/Src/main.c:102:6:DHT11_SetPinOutput	24	static
../Core/Src/main.c:111:6:DHT11_SetPinInput	24	static
../Core/Src/main.c:119:6:DHT11_SetPin	16	static
../Core/Src/main.c:123:15:DHT11_ReadPin	8	static
../Core/Src/main.c:127:6:DHT11_DelayUs	16	static
../Core/Src/main.c:132:9:DHT11_Start	16	static
../Core/Src/main.c:167:9:DHT11_ReadBit	8	static
../Core/Src/main.c:184:9:DHT11_ReadByte	24	static
../Core/Src/main.c:192:9:DHT11_ReadData	24	static
../Core/Src/main.c:220:5:main	8	static
../Core/Src/main.c:284:6:SystemClock_Config	72	static
../Core/Src/main.c:323:13:MX_TIM2_Init	32	static
../Core/Src/main.c:368:13:MX_USART2_UART_Init	8	static
../Core/Src/main.c:401:13:MX_GPIO_Init	40	static
../Core/Src/main.c:453:6:Error_Handler	4	static,ignoring_inline_asm
