../Core/Inc/DHT11.h:27:6:DHT11_SetPinOutput	24	static
../Core/Inc/DHT11.h:36:6:DHT11_SetPinInput	24	static
../Core/Inc/DHT11.h:44:6:DHT11_SetPin	16	static
../Core/Inc/DHT11.h:48:15:DHT11_ReadPin	8	static
../Core/Inc/DHT11.h:52:6:DHT11_DelayUs	16	static
../Core/Inc/DHT11.h:57:9:DHT11_Start	16	static
../Core/Inc/DHT11.h:92:9:DHT11_ReadBit	8	static
../Core/Inc/DHT11.h:109:9:DHT11_ReadByte	24	static
../Core/Inc/DHT11.h:117:9:DHT11_ReadData	24	static
../Core/Src/main.c:83:5:main	8	static
../Core/Src/main.c:162:6:SystemClock_Config	72	static
../Core/Src/main.c:201:13:MX_TIM2_Init	32	static
../Core/Src/main.c:246:13:MX_USART2_UART_Init	8	static
../Core/Src/main.c:279:13:MX_USART3_UART_Init	8	static
../Core/Src/main.c:312:13:MX_GPIO_Init	40	static
../Core/Src/main.c:364:6:Error_Handler	4	static,ignoring_inline_asm
